28.7691 	WARNING 	Font Manager failed to load file /System/Library/PrivateFrameworks/FontServices.framework/Resources/Reserved/PingFangUI.ttc
30.4451 	INFO 	time is 2025-01-27 13:38:31,892235
30.5484 	WARNING 	Monitor specification not found. Creating a temporary one...
30.5575 	WARNING 	User requested fullscreen with size [1350  750], but screen is actually [1440, 900]. Using actual size
32.3491 	WARNING 	Couldn't measure a consistent frame rate!
  - Is your graphics card set to sync to vertical blank?
  - Are you running other processes on your computer?

32.3507 	EXP 	Created window1 = Window(allowGUI=True, allowStencil=False, autoLog=True, backendConf=UNKNOWN, backgroundFit=<method-wrapper '__getattribute__' of attributeSetter object at 0x7ff089925280>, backgroundImage=<method-wrapper '__getattribute__' of attributeSetter object at 0x7ff089925220>, bitsMode=UNKNOWN, blendMode='avg', bpc=(8, 8, 8), color=array([0, 0, 0]), colorSpace='rgb', depthBits=8, fullscr=<method-wrapper '__getattribute__' of attributeSetter object at 0x7ff089925070>, gamma=None, gammaErrorPolicy='raise', infoMsg=UNKNOWN, lms=UNKNOWN, monitor=<psychopy.monitors.calibTools.Monitor object at 0x7ff087253190>, multiSample=False, name='window1', numSamples=2, pos=[360.0, 225.0], screen=0, size=array([2880, 1800]), stencilBits=0, stereo=False, title='PsychoPy', units='height', useFBO=False, useRetina=True, viewOri=0.0, viewPos=None, viewScale=None, waitBlanking=True, winType='pyglet')
32.3508 	EXP 	window1: backgroundImage = None
32.3508 	EXP 	window1: backgroundFit = 'cover'
32.3680 	INFO 	Mouse: using default window
32.3702 	EXP 	window1: mouseVisible = False
32.3703 	EXP 	window1: units = 'pix'
32.3703 	INFO 	Mouse: using default window
32.5463 	WARNING 	t of last frame was 178.43ms (=1/5)
32.5761 	WARNING 	t of last frame was 29.77ms (=1/33)
34.9175 	DATA 	Keypress: space
34.9244 	WARNING 	t of last frame was 2348.35ms (=1/0)
35.4475 	WARNING 	t of last frame was 505.80ms (=1/1)
36.9659 	WARNING 	Multiple dropped frames have occurred - I'll stop bothering you about them!
39.2066 	DATA 	Keypress: q
