26.1512 	WARNING 	Font Manager failed to load file /System/Library/PrivateFrameworks/FontServices.framework/Resources/Reserved/PingFangUI.ttc
27.4232 	INFO 	time is 2025-01-22 14:18:15,469505
27.5017 	WARNING 	Monitor specification not found. Creating a temporary one...
27.5082 	WARNING 	User requested fullscreen with size [1350  750], but screen is actually [1440, 900]. Using actual size
29.0139 	WARNING 	Couldn't measure a consistent frame rate!
  - Is your graphics card set to sync to vertical blank?
  - Are you running other processes on your computer?

29.0154 	EXP 	Created window1 = Window(allowGUI=True, allowStencil=False, autoLog=True, backendConf=UNKNOWN, backgroundFit=<method-wrapper '__getattribute__' of attributeSetter object at 0x7f785b9042b0>, backgroundImage=<method-wrapper '__getattribute__' of attributeSetter object at 0x7f785b904250>, bitsMode=UNKNOWN, blendMode='avg', bpc=(8, 8, 8), color=array([0, 0, 0]), colorSpace='rgb', depthBits=8, fullscr=<method-wrapper '__getattribute__' of attributeSetter object at 0x7f785b9040a0>, gamma=None, gammaErrorPolicy='raise', infoMsg=UNKNOWN, lms=UNKNOWN, monitor=<psychopy.monitors.calibTools.Monitor object at 0x7f78592731c0>, multiSample=False, name='window1', numSamples=2, pos=[360.0, 225.0], screen=0, size=array([2880, 1800]), stencilBits=0, stereo=False, title='PsychoPy', units='height', useFBO=False, useRetina=True, viewOri=0.0, viewPos=None, viewScale=None, waitBlanking=True, winType='pyglet')
29.0155 	EXP 	window1: backgroundImage = None
29.0155 	EXP 	window1: backgroundFit = 'cover'
29.0203 	INFO 	Mouse: using default window
29.0220 	EXP 	window1: mouseVisible = False
29.0220 	EXP 	window1: units = 'pix'
29.0221 	INFO 	Mouse: using default window
29.1906 	WARNING 	t of last frame was 170.47ms (=1/5)
30.6702 	DATA 	Keypress: space
30.6773 	WARNING 	t of last frame was 1466.84ms (=1/0)
31.2291 	DATA 	Keypress: space
31.2338 	WARNING 	t of last frame was 530.85ms (=1/1)
31.7501 	WARNING 	t of last frame was 502.62ms (=1/1)
32.4278 	DATA 	Keypress: lcommand
33.0126 	DATA 	Keypress: lctrl
33.2653 	WARNING 	Multiple dropped frames have occurred - I'll stop bothering you about them!
33.6486 	DATA 	Keypress: lshift
34.3599 	EXP 	Sound  reached end of file
34.3599 	EXP 	Sound  started
37.8606 	DATA 	No keypress (maxWait exceeded)
