2024-11-15 15:36:06,377 [INFO]  starting up 24-11-15-1536_setting0 at 47.56893449398922
2024-11-15 15:36:06,479 [INFO]  git SHA: 783fad512c486bdfadafa23d68773e948e6c70b9
2024-11-15 15:36:06,480 [INFO]  setting file name: s0
2024-11-15 15:36:06,482 [INFO]  parameters {'points_per_cent': 2, 'time_limit': 5, 'correct_responses': ['f', 'j'], 'combination_num': 8}
2024-11-15 15:36:08,780 [INFO]  Created window with size [2880 1800]
2024-11-15 15:36:09,061 [INFO]  Using dummy triggers
2024-11-15 15:36:09,061 [INFO]  begin main
2024-11-15 15:36:09,062 [DEBUG]  message: Ready? Let's go! (None)
2024-11-15 15:36:17,848 [INFO]  Starting block 0: {'left_cue_condition': 0.3, 'stimA_condition': 0.9}
2024-11-15 15:36:17,849 [INFO]  block 0 label:('<<<>>>>>>>', 'ooooooooox')
2024-11-15 15:36:17,849 [DEBUG]  message: Block 1: 
cue proportion <<<>>>>>>> 
stimulus proportion ooooooooox (None)
2024-11-15 15:36:18,503 [INFO]  begin trial {"cue_direction": "right", "stimulus": "A|B", "correct_response": "j", "left_cue_condition": 0.3, "stimA_condition": 0.9, "response": null, "performance": null, "rt": null}
2024-11-15 15:36:18,503 [DEBUG]  Trial.log 59.695 initialize status = ok
2024-11-15 15:36:18,503 [DEBUG]  MouseLink message
2024-11-15 15:36:18,503 [DEBUG]  Trial.log 59.696 start recording 
2024-11-15 15:36:18,503 [DEBUG]  MouseLink message
2024-11-15 15:36:18,503 [INFO]  MouseLink start_recording
2024-11-15 15:36:18,503 [DEBUG]  Trial.log 59.696 start 
2024-11-15 15:36:18,503 [DEBUG]  MouseLink message
2024-11-15 15:36:18,508 [DEBUG]  Trial.log 59.700 show fixation 
2024-11-15 15:36:18,508 [INFO]  send trigger 0
2024-11-15 15:36:18,508 [DEBUG]  MouseLink message
2024-11-15 15:36:19,027 [DEBUG]  Trial.log 60.219 show cue 
2024-11-15 15:36:19,027 [INFO]  send trigger 1
2024-11-15 15:36:19,027 [DEBUG]  MouseLink message
2024-11-15 15:36:20,541 [DEBUG]  Trial.log 61.733 show fixation 
2024-11-15 15:36:20,541 [INFO]  send trigger 0
2024-11-15 15:36:20,541 [DEBUG]  MouseLink message
2024-11-15 15:36:21,274 [DEBUG]  Trial.log 62.466 start sound 
2024-11-15 15:36:21,274 [INFO]  send trigger 2
2024-11-15 15:36:21,274 [DEBUG]  MouseLink message
2024-11-15 15:36:21,775 [DEBUG]  Trial.log 62.967 start decision window 
2024-11-15 15:36:21,775 [DEBUG]  MouseLink message
